Archive member included to satisfy reference by file (symbol)

/opt/microchip/xc8/v2.30/avr/bin/../lib/gcc/avr/5.4.0/avrxmega3/libgcc.a(_exit.o)
                              /opt/microchip/xc8/v2.30/dfp/xc8/avr/lib/avrxmega3/crtatmega4809.o (exit)
/opt/microchip/xc8/v2.30/avr/bin/../lib/gcc/avr/5.4.0/avrxmega3/libgcc.a(_copy_data.o)
                              build/default/production/main.o (__do_copy_data)
/opt/microchip/xc8/v2.30/avr/bin/../lib/gcc/avr/5.4.0/../../../../avr/lib/avrxmega3/libc.a(itoa_ncheck.o)
                              build/default/production/main.o (__itoa_ncheck)
/opt/microchip/xc8/v2.30/avr/bin/../lib/gcc/avr/5.4.0/../../../../avr/lib/avrxmega3/libc.a(utoa_ncheck.o)
                              /opt/microchip/xc8/v2.30/avr/bin/../lib/gcc/avr/5.4.0/../../../../avr/lib/avrxmega3/libc.a(itoa_ncheck.o) (__utoa_common)
/opt/microchip/xc8/v2.30/avr/bin/../lib/gcc/avr/5.4.0/../../../../avr/lib/avrxmega3/libc.a(strrev.o)
                              /opt/microchip/xc8/v2.30/avr/bin/../lib/gcc/avr/5.4.0/../../../../avr/lib/avrxmega3/libc.a(utoa_ncheck.o) (strrev)
/opt/microchip/xc8/v2.30/dfp/xc8/avr/lib/avrxmega3/libatmega4809.a(ccp_write.o)
                              build/default/production/main.o (ccp_write_io)

Allocating common symbols
Common symbol       size              file

breakNum            0x2               build/default/production/main.o
count               0x2               build/default/production/main.o
adcValue            0x2               build/default/production/main.o

Discarded input sections

 .data          0x0000000000000000        0x0 /opt/microchip/xc8/v2.30/dfp/xc8/avr/lib/avrxmega3/crtatmega4809.o
 .bss           0x0000000000000000        0x0 /opt/microchip/xc8/v2.30/dfp/xc8/avr/lib/avrxmega3/crtatmega4809.o
 .text          0x0000000000000000        0x0 build/default/production/main.o
 .data          0x0000000000000000        0x0 build/default/production/main.o
 .bss           0x0000000000000000        0x0 build/default/production/main.o
 .text.lcd_print_xy
                0x0000000000000000       0x38 build/default/production/main.o
 .text.adc_read
                0x0000000000000000        0xe build/default/production/main.o
 .text.adc_start
                0x0000000000000000        0x8 build/default/production/main.o
 .text          0x0000000000000000        0x0 /opt/microchip/xc8/v2.30/avr/bin/../lib/gcc/avr/5.4.0/avrxmega3/libgcc.a(_exit.o)
 .data          0x0000000000000000        0x0 /opt/microchip/xc8/v2.30/avr/bin/../lib/gcc/avr/5.4.0/avrxmega3/libgcc.a(_exit.o)
 .bss           0x0000000000000000        0x0 /opt/microchip/xc8/v2.30/avr/bin/../lib/gcc/avr/5.4.0/avrxmega3/libgcc.a(_exit.o)
 .text.libgcc.mul
                0x0000000000000000        0x0 /opt/microchip/xc8/v2.30/avr/bin/../lib/gcc/avr/5.4.0/avrxmega3/libgcc.a(_exit.o)
 .text.libgcc.div
                0x0000000000000000        0x0 /opt/microchip/xc8/v2.30/avr/bin/../lib/gcc/avr/5.4.0/avrxmega3/libgcc.a(_exit.o)
 .text.libgcc   0x0000000000000000        0x0 /opt/microchip/xc8/v2.30/avr/bin/../lib/gcc/avr/5.4.0/avrxmega3/libgcc.a(_exit.o)
 .text.libgcc.prologue
                0x0000000000000000        0x0 /opt/microchip/xc8/v2.30/avr/bin/../lib/gcc/avr/5.4.0/avrxmega3/libgcc.a(_exit.o)
 .text.libgcc.builtins
                0x0000000000000000        0x0 /opt/microchip/xc8/v2.30/avr/bin/../lib/gcc/avr/5.4.0/avrxmega3/libgcc.a(_exit.o)
 .text.libgcc.fmul
                0x0000000000000000        0x0 /opt/microchip/xc8/v2.30/avr/bin/../lib/gcc/avr/5.4.0/avrxmega3/libgcc.a(_exit.o)
 .text.libgcc.fixed
                0x0000000000000000        0x0 /opt/microchip/xc8/v2.30/avr/bin/../lib/gcc/avr/5.4.0/avrxmega3/libgcc.a(_exit.o)
 .text          0x0000000000000000        0x0 /opt/microchip/xc8/v2.30/avr/bin/../lib/gcc/avr/5.4.0/avrxmega3/libgcc.a(_copy_data.o)
 .data          0x0000000000000000        0x0 /opt/microchip/xc8/v2.30/avr/bin/../lib/gcc/avr/5.4.0/avrxmega3/libgcc.a(_copy_data.o)
 .bss           0x0000000000000000        0x0 /opt/microchip/xc8/v2.30/avr/bin/../lib/gcc/avr/5.4.0/avrxmega3/libgcc.a(_copy_data.o)
 .text.libgcc.mul
                0x0000000000000000        0x0 /opt/microchip/xc8/v2.30/avr/bin/../lib/gcc/avr/5.4.0/avrxmega3/libgcc.a(_copy_data.o)
 .text.libgcc.div
                0x0000000000000000        0x0 /opt/microchip/xc8/v2.30/avr/bin/../lib/gcc/avr/5.4.0/avrxmega3/libgcc.a(_copy_data.o)
 .text.libgcc   0x0000000000000000        0x0 /opt/microchip/xc8/v2.30/avr/bin/../lib/gcc/avr/5.4.0/avrxmega3/libgcc.a(_copy_data.o)
 .text.libgcc.prologue
                0x0000000000000000        0x0 /opt/microchip/xc8/v2.30/avr/bin/../lib/gcc/avr/5.4.0/avrxmega3/libgcc.a(_copy_data.o)
 .text.libgcc.builtins
                0x0000000000000000        0x0 /opt/microchip/xc8/v2.30/avr/bin/../lib/gcc/avr/5.4.0/avrxmega3/libgcc.a(_copy_data.o)
 .text.libgcc.fmul
                0x0000000000000000        0x0 /opt/microchip/xc8/v2.30/avr/bin/../lib/gcc/avr/5.4.0/avrxmega3/libgcc.a(_copy_data.o)
 .text.libgcc.fixed
                0x0000000000000000        0x0 /opt/microchip/xc8/v2.30/avr/bin/../lib/gcc/avr/5.4.0/avrxmega3/libgcc.a(_copy_data.o)
 .text          0x0000000000000000        0x0 /opt/microchip/xc8/v2.30/avr/bin/../lib/gcc/avr/5.4.0/../../../../avr/lib/avrxmega3/libc.a(itoa_ncheck.o)
 .data          0x0000000000000000        0x0 /opt/microchip/xc8/v2.30/avr/bin/../lib/gcc/avr/5.4.0/../../../../avr/lib/avrxmega3/libc.a(itoa_ncheck.o)
 .bss           0x0000000000000000        0x0 /opt/microchip/xc8/v2.30/avr/bin/../lib/gcc/avr/5.4.0/../../../../avr/lib/avrxmega3/libc.a(itoa_ncheck.o)
 .text          0x0000000000000000        0x0 /opt/microchip/xc8/v2.30/avr/bin/../lib/gcc/avr/5.4.0/../../../../avr/lib/avrxmega3/libc.a(utoa_ncheck.o)
 .data          0x0000000000000000        0x0 /opt/microchip/xc8/v2.30/avr/bin/../lib/gcc/avr/5.4.0/../../../../avr/lib/avrxmega3/libc.a(utoa_ncheck.o)
 .bss           0x0000000000000000        0x0 /opt/microchip/xc8/v2.30/avr/bin/../lib/gcc/avr/5.4.0/../../../../avr/lib/avrxmega3/libc.a(utoa_ncheck.o)
 .text          0x0000000000000000        0x0 /opt/microchip/xc8/v2.30/avr/bin/../lib/gcc/avr/5.4.0/../../../../avr/lib/avrxmega3/libc.a(strrev.o)
 .data          0x0000000000000000        0x0 /opt/microchip/xc8/v2.30/avr/bin/../lib/gcc/avr/5.4.0/../../../../avr/lib/avrxmega3/libc.a(strrev.o)
 .bss           0x0000000000000000        0x0 /opt/microchip/xc8/v2.30/avr/bin/../lib/gcc/avr/5.4.0/../../../../avr/lib/avrxmega3/libc.a(strrev.o)
 .text          0x0000000000000000        0x0 /opt/microchip/xc8/v2.30/dfp/xc8/avr/lib/avrxmega3/libatmega4809.a(ccp_write.o)
 .data          0x0000000000000000        0x0 /opt/microchip/xc8/v2.30/dfp/xc8/avr/lib/avrxmega3/libatmega4809.a(ccp_write.o)
 .bss           0x0000000000000000        0x0 /opt/microchip/xc8/v2.30/dfp/xc8/avr/lib/avrxmega3/libatmega4809.a(ccp_write.o)

Memory Configuration

Name             Origin             Length             Attributes
text             0x0000000000000000 0x000000000000c000 xr
data             0x0000000000802800 0x0000000000001800 rw !x
eeprom           0x0000000000810000 0x0000000000000100 rw !x
fuse             0x0000000000820000 0x000000000000000a rw !x
lock             0x0000000000830000 0x0000000000000400 rw !x
signature        0x0000000000840000 0x0000000000000400 rw !x
user_signatures  0x0000000000850000 0x0000000000000400 rw !x
*default*        0x0000000000000000 0xffffffffffffffff

Linker script and memory map

Address of section .data set to 0x802800
                0x0000000000004000                __RODATA_PM_OFFSET__ = 0x4000
LOAD /opt/microchip/xc8/v2.30/dfp/xc8/avr/lib/avrxmega3/crtatmega4809.o
                0x0000000000000001                __MPLAB_BUILD = 0x1
LOAD build/default/production/main.o
START GROUP
LOAD /opt/microchip/xc8/v2.30/avr/bin/../lib/gcc/avr/5.4.0/../../../../avr/lib/avrxmega3/libm.a
END GROUP
START GROUP
LOAD /opt/microchip/xc8/v2.30/avr/bin/../lib/gcc/avr/5.4.0/avrxmega3/libgcc.a
LOAD /opt/microchip/xc8/v2.30/avr/bin/../lib/gcc/avr/5.4.0/../../../../avr/lib/avrxmega3/libm.a
LOAD /opt/microchip/xc8/v2.30/avr/bin/../lib/gcc/avr/5.4.0/../../../../avr/lib/avrxmega3/libc.a
LOAD /opt/microchip/xc8/v2.30/dfp/xc8/avr/lib/avrxmega3/libatmega4809.a
END GROUP
                [0x0000000000000000]                __TEXT_REGION_ORIGIN__ = DEFINED (__TEXT_REGION_ORIGIN__)?__TEXT_REGION_ORIGIN__:0x0
                [0x0000000000802800]                __DATA_REGION_ORIGIN__ = DEFINED (__DATA_REGION_ORIGIN__)?__DATA_REGION_ORIGIN__:0x802000
                [0x000000000000c000]                __TEXT_REGION_LENGTH__ = DEFINED (__TEXT_REGION_LENGTH__)?__TEXT_REGION_LENGTH__:0x100000
                [0x0000000000001800]                __DATA_REGION_LENGTH__ = DEFINED (__DATA_REGION_LENGTH__)?__DATA_REGION_LENGTH__:0xffa0
                [0x0000000000000100]                __EEPROM_REGION_LENGTH__ = DEFINED (__EEPROM_REGION_LENGTH__)?__EEPROM_REGION_LENGTH__:0x10000
                [0x000000000000000a]                __FUSE_REGION_LENGTH__ = DEFINED (__FUSE_REGION_LENGTH__)?__FUSE_REGION_LENGTH__:0x400
                0x0000000000000400                __LOCK_REGION_LENGTH__ = DEFINED (__LOCK_REGION_LENGTH__)?__LOCK_REGION_LENGTH__:0x400
                0x0000000000000400                __SIGNATURE_REGION_LENGTH__ = DEFINED (__SIGNATURE_REGION_LENGTH__)?__SIGNATURE_REGION_LENGTH__:0x400
                0x0000000000000400                __USER_SIGNATURE_REGION_LENGTH__ = DEFINED (__USER_SIGNATURE_REGION_LENGTH__)?__USER_SIGNATURE_REGION_LENGTH__:0x400
                0x0000000000008000                __RODATA_PM_OFFSET__ = DEFINED (__RODATA_PM_OFFSET__)?__RODATA_PM_OFFSET__:0x8000

.hash
 *(.hash)

.dynsym
 *(.dynsym)

.dynstr
 *(.dynstr)

.gnu.version
 *(.gnu.version)

.gnu.version_d
 *(.gnu.version_d)

.gnu.version_r
 *(.gnu.version_r)

.rel.init
 *(.rel.init)

.rela.init
 *(.rela.init)

.rel.text
 *(.rel.text)
 *(.rel.text.*)
 *(.rel.gnu.linkonce.t*)

.rela.text
 *(.rela.text)
 *(.rela.text.*)
 *(.rela.gnu.linkonce.t*)

.rel.fini
 *(.rel.fini)

.rela.fini
 *(.rela.fini)

.rel.rodata
 *(.rel.rodata)
 *(.rel.rodata.*)
 *(.rel.gnu.linkonce.r*)

.rela.rodata
 *(.rela.rodata)
 *(.rela.rodata.*)
 *(.rela.gnu.linkonce.r*)

.rel.data
 *(.rel.data)
 *(.rel.data.*)
 *(.rel.gnu.linkonce.d*)

.rela.data
 *(.rela.data)
 *(.rela.data.*)
 *(.rela.gnu.linkonce.d*)

.rel.ctors
 *(.rel.ctors)

.rela.ctors
 *(.rela.ctors)

.rel.dtors
 *(.rel.dtors)

.rela.dtors
 *(.rela.dtors)

.rel.got
 *(.rel.got)

.rela.got
 *(.rela.got)

.rel.bss
 *(.rel.bss)

.rela.bss
 *(.rela.bss)

.rel.plt
 *(.rel.plt)

.rela.plt
 *(.rela.plt)

.text           0x0000000000000000      0x106
 *(.vectors)
 .vectors       0x0000000000000000       0xa0 /opt/microchip/xc8/v2.30/dfp/xc8/avr/lib/avrxmega3/crtatmega4809.o
                0x0000000000000000                __vectors
                0x0000000000000000                __vector_default
 *(.vectors)
 *(.progmem.gcc*)
 *(.dinit)
 .dinit         0x00000000000000a0       0x11 data_init
                0x00000000000000b2                . = ALIGN (0x2)
 *fill*         0x00000000000000b1        0x1 
                0x00000000000000b2                __trampolines_start = .
 *(.trampolines)
 .trampolines   0x00000000000000b2        0x0 linker stubs
 *(.trampolines*)
                0x00000000000000b2                __trampolines_end = .
 *libprintf_flt.a:*(.progmem.data)
 *libc.a:*(.progmem.data)
                0x00000000000000b2                . = ALIGN (0x2)
 *(.jumptables)
 *(.jumptables*)
 *(.lowtext)
 *(.lowtext*)
                0x00000000000000b2                __ctors_start = .
 *(.ctors)
                0x00000000000000b2                __ctors_end = .
                0x00000000000000b2                __dtors_start = .
 *(.dtors)
                0x00000000000000b2                __dtors_end = .
 SORT(*)(.ctors)
 SORT(*)(.dtors)
 *(.init0)
 .init0         0x00000000000000b2        0x0 /opt/microchip/xc8/v2.30/dfp/xc8/avr/lib/avrxmega3/crtatmega4809.o
                0x00000000000000b2                __init
 *(.init0)
 *(.init1)
 *(.init1)
 *(.init2)
 .init2         0x00000000000000b2        0xc /opt/microchip/xc8/v2.30/dfp/xc8/avr/lib/avrxmega3/crtatmega4809.o
 *(.init2)
 *(.init3)
 *(.init3)
 *(.init4)
 .init4         0x00000000000000be       0x3c /opt/microchip/xc8/v2.30/avr/bin/../lib/gcc/avr/5.4.0/avrxmega3/libgcc.a(_copy_data.o)
                0x00000000000000be                __do_copy_data
                0x00000000000000ec                __do_clear_bss
 *(.init4)
 *(.init5)
 *(.init5)
 *(.init6)
 *(.init6)
 *(.init7)
 *(.init7)
 *(.init8)
 *(.init8)
 *(.init9)
 .init9         0x00000000000000fa        0x8 /opt/microchip/xc8/v2.30/dfp/xc8/avr/lib/avrxmega3/crtatmega4809.o
 *(.init9)
                0x0000000000000102                . = ALIGN (0x2)
 *(.fini9)
 .fini9         0x0000000000000102        0x0 /opt/microchip/xc8/v2.30/avr/bin/../lib/gcc/avr/5.4.0/avrxmega3/libgcc.a(_exit.o)
                0x0000000000000102                exit
                0x0000000000000102                _exit
 *(.fini9)
 *(.fini8)
 *(.fini8)
 *(.fini7)
 *(.fini7)
 *(.fini6)
 *(.fini6)
 *(.fini5)
 *(.fini5)
 *(.fini4)
 *(.fini4)
 *(.fini3)
 *(.fini3)
 *(.fini2)
 *(.fini2)
 *(.fini1)
 *(.fini1)
 *(.fini0)
 .fini0         0x0000000000000102        0x4 /opt/microchip/xc8/v2.30/avr/bin/../lib/gcc/avr/5.4.0/avrxmega3/libgcc.a(_exit.o)
 *(.fini0)
                0x0000000000000106                _etext = .

.data           0x0000000000802800        0x0 load address 0x0000000000000106
                [!provide]                        PROVIDE (__data_start, .)
 *(.gnu.linkonce.d*)
                0x0000000000802800                . = ALIGN (0x2)
                0x0000000000802800                _edata = .
                [!provide]                        PROVIDE (__data_end, .)

.bss            0x0000000000802800        0x6
                [!provide]                        PROVIDE (__bss_start, .)
 *(COMMON)
 COMMON         0x0000000000802800        0x6 build/default/production/main.o
                0x0000000000802800                breakNum
                0x0000000000802802                count
                0x0000000000802804                adcValue
                [!provide]                        PROVIDE (__bss_end, .)
                0x0000000000000106                __data_load_start = LOADADDR (.data)
                0x0000000000000106                __data_load_end = (__data_load_start + SIZEOF (.data))

.noinit         0x0000000000802806        0x0
                [!provide]                        PROVIDE (__noinit_start, .)
 *(.noinit*)
                [!provide]                        PROVIDE (__noinit_end, .)
                0x0000000000802806                _end = .

.eeprom         0x0000000000810000        0x0
 *(.eeprom*)
                0x0000000000810000                __eeprom_end = .

.fuse
 *(.fuse)
 *(.lfuse)
 *(.hfuse)
 *(.efuse)

.lock
 *(.lock*)

.signature
 *(.signature*)

.user_signatures
 *(.user_signatures*)

.stab
 *(.stab)

.stabstr
 *(.stabstr)

.stab.excl
 *(.stab.excl)

.stab.exclstr
 *(.stab.exclstr)

.stab.index
 *(.stab.index)

.stab.indexstr
 *(.stab.indexstr)

.comment        0x0000000000000000       0x2f
 *(.comment)
 .comment       0x0000000000000000       0x2f build/default/production/main.o
                                         0x30 (size before relaxing)

.note.gnu.build-id
 *(.note.gnu.build-id)

.debug
 *(.debug)

.line
 *(.line)

.debug_srcinfo
 *(.debug_srcinfo)

.debug_sfnames
 *(.debug_sfnames)

.debug_aranges  0x0000000000000000       0xb0
 *(.debug_aranges)
 .debug_aranges
                0x0000000000000000       0x90 build/default/production/main.o
 .debug_aranges
                0x0000000000000090       0x20 /opt/microchip/xc8/v2.30/dfp/xc8/avr/lib/avrxmega3/libatmega4809.a(ccp_write.o)

.debug_pubnames
 *(.debug_pubnames)

.debug_info     0x0000000000000000     0x414b
 *(.debug_info .gnu.linkonce.wi.*)
 .debug_info    0x0000000000000000     0x248a /opt/microchip/xc8/v2.30/dfp/xc8/avr/lib/avrxmega3/crtatmega4809.o
 .debug_info    0x000000000000248a     0x1c1f build/default/production/main.o
 .debug_info    0x00000000000040a9       0xa2 /opt/microchip/xc8/v2.30/dfp/xc8/avr/lib/avrxmega3/libatmega4809.a(ccp_write.o)

.debug_abbrev   0x0000000000000000     0x26f4
 *(.debug_abbrev)
 .debug_abbrev  0x0000000000000000     0x2296 /opt/microchip/xc8/v2.30/dfp/xc8/avr/lib/avrxmega3/crtatmega4809.o
 .debug_abbrev  0x0000000000002296      0x44a build/default/production/main.o
 .debug_abbrev  0x00000000000026e0       0x14 /opt/microchip/xc8/v2.30/dfp/xc8/avr/lib/avrxmega3/libatmega4809.a(ccp_write.o)

.debug_line     0x0000000000000000      0x7d4
 *(.debug_line .debug_line.* .debug_line_end)
 .debug_line    0x0000000000000000      0x187 /opt/microchip/xc8/v2.30/dfp/xc8/avr/lib/avrxmega3/crtatmega4809.o
 .debug_line    0x0000000000000187      0x5e6 build/default/production/main.o
 .debug_line    0x000000000000076d       0x67 /opt/microchip/xc8/v2.30/dfp/xc8/avr/lib/avrxmega3/libatmega4809.a(ccp_write.o)

.debug_frame    0x0000000000000000      0x18c
 *(.debug_frame)
 .debug_frame   0x0000000000000000      0x18c build/default/production/main.o

.debug_str      0x0000000000000000      0xff0
 *(.debug_str)
 .debug_str     0x0000000000000000      0xf85 /opt/microchip/xc8/v2.30/dfp/xc8/avr/lib/avrxmega3/crtatmega4809.o
 .debug_str     0x0000000000000f85       0x6b build/default/production/main.o

.debug_loc      0x0000000000000000      0x71b
 *(.debug_loc)
 .debug_loc     0x0000000000000000      0x71b build/default/production/main.o

.debug_macinfo
 *(.debug_macinfo)

.debug_weaknames
 *(.debug_weaknames)

.debug_funcnames
 *(.debug_funcnames)

.debug_typenames
 *(.debug_typenames)

.debug_varnames
 *(.debug_varnames)

.debug_pubtypes
 *(.debug_pubtypes)

.debug_ranges   0x0000000000000000       0x98
 *(.debug_ranges)
 .debug_ranges  0x0000000000000000       0x98 build/default/production/main.o

.debug_macro
 *(.debug_macro)
OUTPUT(dist/default/production/dtek0068-OpticalTachometer_v2.0.X.production.elf elf32-avr)
LOAD linker stubs
LOAD data_init

.note.gnu.avr.deviceinfo
                0x0000000000000000       0x40
 .note.gnu.avr.deviceinfo
                0x0000000000000000       0x40 /opt/microchip/xc8/v2.30/dfp/xc8/avr/lib/avrxmega3/crtatmega4809.o

.bss.buffer.3454
                0x0000000000802806        0x6
 .bss.buffer.3454
                0x0000000000802806        0x6 build/default/production/main.o

.bss.isOptimizing
                0x000000000080280e        0x1
 .bss.isOptimizing
                0x000000000080280e        0x1 build/default/production/main.o
                0x000000000080280e                isOptimizing

.text.main      0x0000000000000106      0x1de
 .text.main     0x0000000000000106      0x1de build/default/production/main.o
                0x0000000000000106                main

.text.__vector_4
                0x00000000000002e4       0x78
 .text.__vector_4
                0x00000000000002e4       0x78 build/default/production/main.o
                0x00000000000002e4                __vector_4

.text.lcd_command
                0x000000000000035c       0x5a
 .text.lcd_command
                0x000000000000035c       0x5a build/default/production/main.o
                0x000000000000035c                lcd_command

.text.lcd_print_char
                0x00000000000003b6       0x5a
 .text.lcd_print_char
                0x00000000000003b6       0x5a build/default/production/main.o
                0x00000000000003b6                lcd_print_char

.text.rtc_init  0x0000000000000410       0x5a
 .text.rtc_init
                0x0000000000000410       0x5a build/default/production/main.o
                0x0000000000000410                rtc_init

.text.__vector_29
                0x000000000000046a       0x54
 .text.__vector_29
                0x000000000000046a       0x54 build/default/production/main.o
                0x000000000000046a                __vector_29

.text.lcd_init  0x00000000000004be       0x3a
 .text.lcd_init
                0x00000000000004be       0x3a build/default/production/main.o
                0x00000000000004be                lcd_init

.text.adc_init  0x00000000000004f8       0x34
 .text.adc_init
                0x00000000000004f8       0x34 build/default/production/main.o
                0x00000000000004f8                adc_init

.text.avrlibc   0x000000000000052c       0x34
 .text.avrlibc  0x000000000000052c       0x34 /opt/microchip/xc8/v2.30/avr/bin/../lib/gcc/avr/5.4.0/../../../../avr/lib/avrxmega3/libc.a(utoa_ncheck.o)
                0x000000000000052c                __utoa_ncheck
                0x000000000000052e                __utoa_common

.rodata         0x0000000000804560       0x2a load address 0x0000000000000560
 .rodata        0x0000000000804560       0x2a build/default/production/main.o

.text.avrlibc   0x000000000000058a       0x20
 .text.avrlibc  0x000000000000058a       0x20 /opt/microchip/xc8/v2.30/avr/bin/../lib/gcc/avr/5.4.0/../../../../avr/lib/avrxmega3/libc.a(strrev.o)
                0x000000000000058a                strrev

.text.lcd_print
                0x00000000000005aa       0x1e
 .text.lcd_print
                0x00000000000005aa       0x1e build/default/production/main.o
                0x00000000000005aa                lcd_print

.text.lcd_clear
                0x00000000000005c8       0x18
 .text.lcd_clear
                0x00000000000005c8       0x18 build/default/production/main.o
                0x00000000000005c8                lcd_clear

.text.avrlibc   0x00000000000005e0       0x16
 .text.avrlibc  0x00000000000005e0       0x16 /opt/microchip/xc8/v2.30/avr/bin/../lib/gcc/avr/5.4.0/../../../../avr/lib/avrxmega3/libc.a(itoa_ncheck.o)
                0x00000000000005e0                __itoa_ncheck

.text.int2str   0x00000000000005f6       0x10
 .text.int2str  0x00000000000005f6       0x10 build/default/production/main.o
                0x00000000000005f6                int2str

.text.avrlibc   0x0000000000000606        0xc
 .text.avrlibc  0x0000000000000606        0xc /opt/microchip/xc8/v2.30/dfp/xc8/avr/lib/avrxmega3/libatmega4809.a(ccp_write.o)
                0x0000000000000606                ccp_write_io

.text.adc_is_conersion_done
                0x0000000000000612        0x8
 .text.adc_is_conersion_done
                0x0000000000000612        0x8 build/default/production/main.o
                0x0000000000000612                adc_is_conersion_done

.text           0x000000000000061a        0x4
 .text          0x000000000000061a        0x4 /opt/microchip/xc8/v2.30/dfp/xc8/avr/lib/avrxmega3/crtatmega4809.o
                0x000000000000061a                __vector_38
                0x000000000000061a                __vector_22
                0x000000000000061a                __vector_28
                0x000000000000061a                __vector_1
                0x000000000000061a                __vector_32
                0x000000000000061a                __vector_34
                0x000000000000061a                __vector_24
                0x000000000000061a                __vector_12
                0x000000000000061a                __bad_interrupt
                0x000000000000061a                __vector_6
                0x000000000000061a                __vector_31
                0x000000000000061a                __vector_35
                0x000000000000061a                __vector_39
                0x000000000000061a                __vector_3
                0x000000000000061a                __vector_23
                0x000000000000061a                __vector_30
                0x000000000000061a                __vector_25
                0x000000000000061a                __vector_11
                0x000000000000061a                __vector_13
                0x000000000000061a                __vector_17
                0x000000000000061a                __vector_19
                0x000000000000061a                __vector_7
                0x000000000000061a                __vector_27
                0x000000000000061a                __vector_5
                0x000000000000061a                __vector_33
                0x000000000000061a                __vector_37
                0x000000000000061a                __vector_9
                0x000000000000061a                __vector_2
                0x000000000000061a                __vector_21
                0x000000000000061a                __vector_15
                0x000000000000061a                __vector_36
                0x000000000000061a                __vector_8
                0x000000000000061a                __vector_26
                0x000000000000061a                __vector_14
                0x000000000000061a                __vector_10
                0x000000000000061a                __vector_16
                0x000000000000061a                __vector_18
                0x000000000000061a                __vector_20

.data.threshold
                0x000000000080280c        0x2 load address 0x000000000000061e
 .data.threshold
                0x000000000080280c        0x2 build/default/production/main.o
                0x000000000080280c                threshold
